[bitcashout.wixsite.com/life.html]
[backblue.gif]
[fade.gif]
[index.html]
[bitcashout.wixsite.com/sitemap.xml]
[bitcashout.wixsite.com/feed.xml]
[static.parastorage.com/services/third-party/requirejs/2.1.15/require.min.js]
[static.parastorage.com/services/santa/1.4286.24/app/main-r.min.js]
[static.parastorage.com/services/skins/2.1229.80/images/wysiwyg/core/themes/base/cursor_zoom_out.png]
[static.parastorage.com/services/skins/2.1229.80/images/wysiwyg/core/themes/base/cursor_zoom_in.png]
[bitcashout.wixsite.com/life/whitepaper.html]
[bitcashout.wixsite.com/life/vision.html]
[bitcashout.wixsite.com/life/team.html]
[bitcashout.wixsite.com/life/roadmap.html]
[bitcashout.wixsite.com/life/partners.html]
[static.wixstatic.com/media/0da768_0c5ce9e2ffa442bea0b79b690223a939_mv2.png]
[bitcashout.wixsite.com/life.html]
[bitcashout.wixsite.com/sitemap.html]
[bitcashout.wixsite.com/feed.html]
[static.parastorage.com/services/third-party/requirejs/2.1.15/require.min.js]
[bitcashout.wixsite.com/life/world.html]
[bitcashout.wixsite.com/life/faq.html]
[bitcashout.wixsite.com/life/press.html]
[bitcashout.wixsite.com/index.html]
[bitcashout.wixsite.com/life/robots.10.delayed]
[bitcashout.wixsite.com/life/sitemap.xml]
[bitcashout.wixsite.com/life/feed.12.delayed]
[bitcashout.wixsite.com/life/whitepaper.html]
[bitcashout.wixsite.com/life/vision.html]
[static.parastorage.com/services/skins/2.1229.80/images/wysiwyg/core/themes/base/liftedshadow_medium.png]
[bitcashout.wixsite.com/life/team.html]
[bitcashout.wixsite.com/life/world.html]
[bitcashout.wixsite.com/life/roadmap.html]
[bitcashout.wixsite.com/life/partners.html]
[bitcashout.wixsite.com/life/d96892_57d97668a26c456ebc853178536c4e7df001.14.delayed]
[bitcashout.wixsite.com/life/d96892_57d97668a26c456ebc853178536c4e7df002.jpg]
[bitcashout.wixsite.com/life/faq.html]
[bitcashout.wixsite.com/life/press.html]
[bitcashout.wixsite.com/index.html]
[bitcashout.wixsite.com/life/robots.html]
[bitcashout.wixsite.com/life/feed.html]
[bitcashout.wixsite.com/life/d96892_57d97668a26c456ebc853178536c4e7df001.html]
[bitcashout.wixsite.com/life/d96892_57d97668a26c456ebc853178536c4e7df002.html]
